Arguments: 
  C:\Program Files\nodejs\node.exe C:\Program Files\nodejs\node_global\node_modules\yarn\bin\yarn.js add react-three-fiber

PATH: 
  C:\Program Files\Common Files\Oracle\Java\javapath;C:\Program Files (x86)\Common Files\Oracle\Java\javapath;C:\ProgramData\Oracle\Java\javapath;C:\Windows\system32;C:\Windows;C:\Windows\System32\Wbem;C:\Windows\System32\WindowsPowerShell\v1.0\;C:\Windows\System32\OpenSSH\;C:\Program Files\Git\cmd;C:\Program Files (x86)\NetSarang\Xftp 7\;C:\Program Files (x86)\NetSarang\Xshell 7\;C:\CloudMusic\nvm;C:\Program Files\nodejs;C:\Program Files (x86)\Tencent\微信web开发者工具\dll;C:\Program Files\dotnet\;C:\Users\kangzhaotong\AppData\Local\pnpm;C:\Users\kangzhaotong\AppData\Local\Microsoft\WindowsApps;C:\Program Files\nodejs\node_global;C:\Users\kangzhaotong\AppData\Local\Programs\Microsoft VS Code\bin;C:\Users\kangzhaotong\AppData\Local\Programs\Fiddler;C:\CloudMusic\nvm;C:\Program Files\nodejs

Yarn version: 
  1.22.19

Node version: 
  16.16.0

Platform: 
  win32 x64

Trace: 
  Error: ENOENT: no such file or directory, copyfile 'C:\Users\kangzhaotong\AppData\Local\Yarn\Cache\v6\npm-ansi-styles-4.3.0-edd803628ae71c04c85ae7a0906edad34b648937-integrity\node_modules\ansi-styles\index.js' -> 'C:\CodeProject\react-vite\fine-admin-main\node_modules\eslint\node_modules\ansi-styles\index.js'

npm manifest: 
  {
    "name": "fine-admin",
    "private": true,
    "version": "0.0.0",
    "type": "module",
    "scripts": {
      "dev": "vite",
      "build": "tsc && vite build",
      "preview": "vite preview",
      "deploy": "tsc && vite build --base=/fine-admin/ && deploy.sh"
    },
    "dependencies": {
      "@ant-design/flowchart": "^1.2.2",
      "@ant-design/icons": "^4.8.0",
      "@ant-design/plots": "^1.2.2",
      "@ant-design/pro-components": "^2.3.35",
      "@reduxjs/toolkit": "^1.9.0",
      "@tweenjs/tween.js": "^21.0.0",
      "@types/d3": "^7.4.0",
      "@types/three": "^0.156.0",
      "ahooks": "^3.7.2",
      "antd": "^5.2.2",
      "axios": "^1.2.0",
      "classnames": "^2.3.2",
      "d3": "^7.8.5",
      "dayjs": "^1.11.6",
      "less": "^4.1.3",
      "lodash-es": "^4.17.21",
      "numeral": "^2.0.6",
      "react": "^18.2.0",
      "react-countup": "^6.4.0",
      "react-dom": "^18.2.0",
      "react-redux": "^8.0.5",
      "react-router-dom": "^6.4.3",
      "redux-persist": "^6.0.0",
      "styled-components": "^5.3.6",
      "swr": "^2.1.1",
      "three": "^0.156.1"
    },
    "devDependencies": {
      "@types/lodash-es": "^4.17.6",
      "@types/node": "^18.11.9",
      "@types/numeral": "^2.0.2",
      "@types/react": "^18.0.24",
      "@types/react-dom": "^18.0.8",
      "@types/styled-components": "^5.1.26",
      "@typescript-eslint/eslint-plugin": "^5.44.0",
      "@typescript-eslint/parser": "^5.44.0",
      "@vitejs/plugin-react": "^2.2.0",
      "eslint": "^8.28.0",
      "eslint-config-alloy": "^4.7.0",
      "eslint-plugin-react": "^7.31.11",
      "prettier": "^2.8.0",
      "typescript": "^4.6.4",
      "unplugin-auto-import": "^0.12.0",
      "vite": "^3.2.3"
    }
  }

yarn manifest: 
  No manifest

Lockfile: 
  No lockfile
